// Jest Snapshot v1, https://goo.gl/fbAQLP

exports[`HowToPlayContent should match snapshot 1`] = `
<BigBoard
  activeBoards={
    Array [
      Object {
        "x": 0,
        "y": 0,
      },
    ]
  }
  animate={true}
  board={
    Array [
      Object {
        "position": Object {
          "x": 0,
          "y": 0,
        },
        "tiles": Array [
          Object {
            "boardPosition": Object {
              "x": 0,
              "y": 0,
            },
            "position": Object {
              "x": 0,
              "y": 0,
            },
            "value": 2,
          },
          Object {
            "boardPosition": Object {
              "x": 0,
              "y": 0,
            },
            "position": Object {
              "x": 0,
              "y": 1,
            },
            "value": 2,
          },
          Object {
            "boardPosition": Object {
              "x": 0,
              "y": 0,
            },
            "position": Object {
              "x": 0,
              "y": 2,
            },
            "value": 2,
          },
          Object {
            "boardPosition": Object {
              "x": 0,
              "y": 0,
            },
            "position": Object {
              "x": 1,
              "y": 0,
            },
            "value": 0,
          },
          Object {
            "boardPosition": Object {
              "x": 0,
              "y": 0,
            },
            "position": Object {
              "x": 1,
              "y": 1,
            },
            "value": 0,
          },
          Object {
            "boardPosition": Object {
              "x": 0,
              "y": 0,
            },
            "position": Object {
              "x": 1,
              "y": 2,
            },
            "value": 0,
          },
          Object {
            "boardPosition": Object {
              "x": 0,
              "y": 0,
            },
            "position": Object {
              "x": 2,
              "y": 0,
            },
            "value": 2,
          },
          Object {
            "boardPosition": Object {
              "x": 0,
              "y": 0,
            },
            "position": Object {
              "x": 2,
              "y": 1,
            },
            "value": 2,
          },
          Object {
            "boardPosition": Object {
              "x": 0,
              "y": 0,
            },
            "position": Object {
              "x": 2,
              "y": 2,
            },
            "value": 2,
          },
        ],
        "value": 0,
      },
      Object {
        "position": Object {
          "x": 0,
          "y": 1,
        },
        "tiles": Array [
          Object {
            "boardPosition": Object {
              "x": 0,
              "y": 1,
            },
            "position": Object {
              "x": 0,
              "y": 0,
            },
            "value": 2,
          },
          Object {
            "boardPosition": Object {
              "x": 0,
              "y": 1,
            },
            "position": Object {
              "x": 0,
              "y": 1,
            },
            "value": 2,
          },
          Object {
            "boardPosition": Object {
              "x": 0,
              "y": 1,
            },
            "position": Object {
              "x": 0,
              "y": 2,
            },
            "value": 2,
          },
          Object {
            "boardPosition": Object {
              "x": 0,
              "y": 1,
            },
            "position": Object {
              "x": 1,
              "y": 0,
            },
            "value": 0,
          },
          Object {
            "boardPosition": Object {
              "x": 0,
              "y": 1,
            },
            "position": Object {
              "x": 1,
              "y": 1,
            },
            "value": 0,
          },
          Object {
            "boardPosition": Object {
              "x": 0,
              "y": 1,
            },
            "position": Object {
              "x": 1,
              "y": 2,
            },
            "value": 0,
          },
          Object {
            "boardPosition": Object {
              "x": 0,
              "y": 1,
            },
            "position": Object {
              "x": 2,
              "y": 0,
            },
            "value": 2,
          },
          Object {
            "boardPosition": Object {
              "x": 0,
              "y": 1,
            },
            "position": Object {
              "x": 2,
              "y": 1,
            },
            "value": 2,
          },
          Object {
            "boardPosition": Object {
              "x": 0,
              "y": 1,
            },
            "position": Object {
              "x": 2,
              "y": 2,
            },
            "value": 2,
          },
        ],
        "value": 0,
      },
      Object {
        "position": Object {
          "x": 0,
          "y": 2,
        },
        "tiles": Array [
          Object {
            "boardPosition": Object {
              "x": 0,
              "y": 2,
            },
            "position": Object {
              "x": 0,
              "y": 0,
            },
            "value": 2,
          },
          Object {
            "boardPosition": Object {
              "x": 0,
              "y": 2,
            },
            "position": Object {
              "x": 0,
              "y": 1,
            },
            "value": 2,
          },
          Object {
            "boardPosition": Object {
              "x": 0,
              "y": 2,
            },
            "position": Object {
              "x": 0,
              "y": 2,
            },
            "value": 1,
          },
          Object {
            "boardPosition": Object {
              "x": 0,
              "y": 2,
            },
            "position": Object {
              "x": 1,
              "y": 0,
            },
            "value": 2,
          },
          Object {
            "boardPosition": Object {
              "x": 0,
              "y": 2,
            },
            "position": Object {
              "x": 1,
              "y": 1,
            },
            "value": 0,
          },
          Object {
            "boardPosition": Object {
              "x": 0,
              "y": 2,
            },
            "position": Object {
              "x": 1,
              "y": 2,
            },
            "value": 2,
          },
          Object {
            "boardPosition": Object {
              "x": 0,
              "y": 2,
            },
            "position": Object {
              "x": 2,
              "y": 0,
            },
            "value": 2,
          },
          Object {
            "boardPosition": Object {
              "x": 0,
              "y": 2,
            },
            "position": Object {
              "x": 2,
              "y": 1,
            },
            "value": 2,
          },
          Object {
            "boardPosition": Object {
              "x": 0,
              "y": 2,
            },
            "position": Object {
              "x": 2,
              "y": 2,
            },
            "value": 2,
          },
        ],
        "value": 2,
      },
      Object {
        "position": Object {
          "x": 1,
          "y": 0,
        },
        "tiles": Array [
          Object {
            "boardPosition": Object {
              "x": 1,
              "y": 0,
            },
            "position": Object {
              "x": 0,
              "y": 0,
            },
            "value": 0,
          },
          Object {
            "boardPosition": Object {
              "x": 1,
              "y": 0,
            },
            "position": Object {
              "x": 0,
              "y": 1,
            },
            "value": 1,
          },
          Object {
            "boardPosition": Object {
              "x": 1,
              "y": 0,
            },
            "position": Object {
              "x": 0,
              "y": 2,
            },
            "value": 2,
          },
          Object {
            "boardPosition": Object {
              "x": 1,
              "y": 0,
            },
            "position": Object {
              "x": 1,
              "y": 0,
            },
            "value": 2,
          },
          Object {
            "boardPosition": Object {
              "x": 1,
              "y": 0,
            },
            "position": Object {
              "x": 1,
              "y": 1,
            },
            "value": 1,
          },
          Object {
            "boardPosition": Object {
              "x": 1,
              "y": 0,
            },
            "position": Object {
              "x": 1,
              "y": 2,
            },
            "value": 0,
          },
          Object {
            "boardPosition": Object {
              "x": 1,
              "y": 0,
            },
            "position": Object {
              "x": 2,
              "y": 0,
            },
            "value": 2,
          },
          Object {
            "boardPosition": Object {
              "x": 1,
              "y": 0,
            },
            "position": Object {
              "x": 2,
              "y": 1,
            },
            "value": 0,
          },
          Object {
            "boardPosition": Object {
              "x": 1,
              "y": 0,
            },
            "position": Object {
              "x": 2,
              "y": 2,
            },
            "value": 2,
          },
        ],
        "value": 2,
      },
      Object {
        "position": Object {
          "x": 1,
          "y": 1,
        },
        "tiles": Array [
          Object {
            "boardPosition": Object {
              "x": 1,
              "y": 1,
            },
            "position": Object {
              "x": 0,
              "y": 0,
            },
            "value": 1,
          },
          Object {
            "boardPosition": Object {
              "x": 1,
              "y": 1,
            },
            "position": Object {
              "x": 0,
              "y": 1,
            },
            "value": 1,
          },
          Object {
            "boardPosition": Object {
              "x": 1,
              "y": 1,
            },
            "position": Object {
              "x": 0,
              "y": 2,
            },
            "value": 0,
          },
          Object {
            "boardPosition": Object {
              "x": 1,
              "y": 1,
            },
            "position": Object {
              "x": 1,
              "y": 0,
            },
            "value": 1,
          },
          Object {
            "boardPosition": Object {
              "x": 1,
              "y": 1,
            },
            "position": Object {
              "x": 1,
              "y": 1,
            },
            "value": 2,
          },
          Object {
            "boardPosition": Object {
              "x": 1,
              "y": 1,
            },
            "position": Object {
              "x": 1,
              "y": 2,
            },
            "value": 2,
          },
          Object {
            "boardPosition": Object {
              "x": 1,
              "y": 1,
            },
            "position": Object {
              "x": 2,
              "y": 0,
            },
            "value": 1,
          },
          Object {
            "boardPosition": Object {
              "x": 1,
              "y": 1,
            },
            "position": Object {
              "x": 2,
              "y": 1,
            },
            "value": 2,
          },
          Object {
            "boardPosition": Object {
              "x": 1,
              "y": 1,
            },
            "position": Object {
              "x": 2,
              "y": 2,
            },
            "value": 2,
          },
        ],
        "value": 1,
      },
      Object {
        "position": Object {
          "x": 1,
          "y": 2,
        },
        "tiles": Array [
          Object {
            "boardPosition": Object {
              "x": 1,
              "y": 2,
            },
            "position": Object {
              "x": 0,
              "y": 0,
            },
            "value": 1,
          },
          Object {
            "boardPosition": Object {
              "x": 1,
              "y": 2,
            },
            "position": Object {
              "x": 0,
              "y": 1,
            },
            "value": 1,
          },
          Object {
            "boardPosition": Object {
              "x": 1,
              "y": 2,
            },
            "position": Object {
              "x": 0,
              "y": 2,
            },
            "value": 2,
          },
          Object {
            "boardPosition": Object {
              "x": 1,
              "y": 2,
            },
            "position": Object {
              "x": 1,
              "y": 0,
            },
            "value": 2,
          },
          Object {
            "boardPosition": Object {
              "x": 1,
              "y": 2,
            },
            "position": Object {
              "x": 1,
              "y": 1,
            },
            "value": 1,
          },
          Object {
            "boardPosition": Object {
              "x": 1,
              "y": 2,
            },
            "position": Object {
              "x": 1,
              "y": 2,
            },
            "value": 2,
          },
          Object {
            "boardPosition": Object {
              "x": 1,
              "y": 2,
            },
            "position": Object {
              "x": 2,
              "y": 0,
            },
            "value": 2,
          },
          Object {
            "boardPosition": Object {
              "x": 1,
              "y": 2,
            },
            "position": Object {
              "x": 2,
              "y": 1,
            },
            "value": 0,
          },
          Object {
            "boardPosition": Object {
              "x": 1,
              "y": 2,
            },
            "position": Object {
              "x": 2,
              "y": 2,
            },
            "value": 2,
          },
        ],
        "value": 2,
      },
      Object {
        "position": Object {
          "x": 2,
          "y": 0,
        },
        "tiles": Array [
          Object {
            "boardPosition": Object {
              "x": 2,
              "y": 0,
            },
            "position": Object {
              "x": 0,
              "y": 0,
            },
            "value": 2,
          },
          Object {
            "boardPosition": Object {
              "x": 2,
              "y": 0,
            },
            "position": Object {
              "x": 0,
              "y": 1,
            },
            "value": 2,
          },
          Object {
            "boardPosition": Object {
              "x": 2,
              "y": 0,
            },
            "position": Object {
              "x": 0,
              "y": 2,
            },
            "value": 2,
          },
          Object {
            "boardPosition": Object {
              "x": 2,
              "y": 0,
            },
            "position": Object {
              "x": 1,
              "y": 0,
            },
            "value": 2,
          },
          Object {
            "boardPosition": Object {
              "x": 2,
              "y": 0,
            },
            "position": Object {
              "x": 1,
              "y": 1,
            },
            "value": 2,
          },
          Object {
            "boardPosition": Object {
              "x": 2,
              "y": 0,
            },
            "position": Object {
              "x": 1,
              "y": 2,
            },
            "value": 2,
          },
          Object {
            "boardPosition": Object {
              "x": 2,
              "y": 0,
            },
            "position": Object {
              "x": 2,
              "y": 0,
            },
            "value": 2,
          },
          Object {
            "boardPosition": Object {
              "x": 2,
              "y": 0,
            },
            "position": Object {
              "x": 2,
              "y": 1,
            },
            "value": 0,
          },
          Object {
            "boardPosition": Object {
              "x": 2,
              "y": 0,
            },
            "position": Object {
              "x": 2,
              "y": 2,
            },
            "value": 2,
          },
        ],
        "value": 2,
      },
      Object {
        "position": Object {
          "x": 2,
          "y": 1,
        },
        "tiles": Array [
          Object {
            "boardPosition": Object {
              "x": 2,
              "y": 1,
            },
            "position": Object {
              "x": 0,
              "y": 0,
            },
            "value": 2,
          },
          Object {
            "boardPosition": Object {
              "x": 2,
              "y": 1,
            },
            "position": Object {
              "x": 0,
              "y": 1,
            },
            "value": 2,
          },
          Object {
            "boardPosition": Object {
              "x": 2,
              "y": 1,
            },
            "position": Object {
              "x": 0,
              "y": 2,
            },
            "value": 2,
          },
          Object {
            "boardPosition": Object {
              "x": 2,
              "y": 1,
            },
            "position": Object {
              "x": 1,
              "y": 0,
            },
            "value": 1,
          },
          Object {
            "boardPosition": Object {
              "x": 2,
              "y": 1,
            },
            "position": Object {
              "x": 1,
              "y": 1,
            },
            "value": 1,
          },
          Object {
            "boardPosition": Object {
              "x": 2,
              "y": 1,
            },
            "position": Object {
              "x": 1,
              "y": 2,
            },
            "value": 1,
          },
          Object {
            "boardPosition": Object {
              "x": 2,
              "y": 1,
            },
            "position": Object {
              "x": 2,
              "y": 0,
            },
            "value": 2,
          },
          Object {
            "boardPosition": Object {
              "x": 2,
              "y": 1,
            },
            "position": Object {
              "x": 2,
              "y": 1,
            },
            "value": 2,
          },
          Object {
            "boardPosition": Object {
              "x": 2,
              "y": 1,
            },
            "position": Object {
              "x": 2,
              "y": 2,
            },
            "value": 2,
          },
        ],
        "value": 1,
      },
      Object {
        "position": Object {
          "x": 2,
          "y": 2,
        },
        "tiles": Array [
          Object {
            "boardPosition": Object {
              "x": 2,
              "y": 2,
            },
            "position": Object {
              "x": 0,
              "y": 0,
            },
            "value": 2,
          },
          Object {
            "boardPosition": Object {
              "x": 2,
              "y": 2,
            },
            "position": Object {
              "x": 0,
              "y": 1,
            },
            "value": 2,
          },
          Object {
            "boardPosition": Object {
              "x": 2,
              "y": 2,
            },
            "position": Object {
              "x": 0,
              "y": 2,
            },
            "value": 2,
          },
          Object {
            "boardPosition": Object {
              "x": 2,
              "y": 2,
            },
            "position": Object {
              "x": 1,
              "y": 0,
            },
            "value": 2,
          },
          Object {
            "boardPosition": Object {
              "x": 2,
              "y": 2,
            },
            "position": Object {
              "x": 1,
              "y": 1,
            },
            "value": 2,
          },
          Object {
            "boardPosition": Object {
              "x": 2,
              "y": 2,
            },
            "position": Object {
              "x": 1,
              "y": 2,
            },
            "value": 2,
          },
          Object {
            "boardPosition": Object {
              "x": 2,
              "y": 2,
            },
            "position": Object {
              "x": 2,
              "y": 0,
            },
            "value": 2,
          },
          Object {
            "boardPosition": Object {
              "x": 2,
              "y": 2,
            },
            "position": Object {
              "x": 2,
              "y": 1,
            },
            "value": 0,
          },
          Object {
            "boardPosition": Object {
              "x": 2,
              "y": 2,
            },
            "position": Object {
              "x": 2,
              "y": 2,
            },
            "value": 2,
          },
        ],
        "value": 2,
      },
    ]
  }
  currentPlayer={0}
/>
`;
