// Jest Snapshot v1, https://goo.gl/fbAQLP

exports[`checkGameFinishedSaga should match snapshot 1`] = `
Object {
  "fork": Array [
    Object {
      "@@redux-saga/IO": true,
      "FORK": Object {
        "args": Array [
          "game/check-game-finished",
          "@@redux-saga-test-plan/json/function/checkIfGameFinished",
        ],
        "context": null,
        "fn": "@@redux-saga-test-plan/json/function/takeEvery",
      },
    },
    Object {
      "@@redux-saga/IO": true,
      "FORK": Object {
        "args": Array [
          Object {
            "type": "game/check-game-finished",
          },
        ],
        "context": null,
        "fn": "@@redux-saga-test-plan/json/function/<anonymous>",
      },
    },
  ],
  "put": Array [
    Object {
      "@@redux-saga/IO": true,
      "PUT": Object {
        "action": Object {
          "payload": 1,
          "type": "game/game-finished",
        },
        "channel": null,
      },
    },
    Object {
      "@@redux-saga/IO": true,
      "PUT": Object {
        "action": Object {
          "payload": Array [],
          "type": "activeBoardsReducer/set-active-boards",
        },
        "channel": null,
      },
    },
    Object {
      "@@redux-saga/IO": true,
      "PUT": Object {
        "action": Object {
          "payload": Object {
            "gameState": Array [
              Object {
                "position": Object {
                  "x": 0,
                  "y": 0,
                },
                "tiles": Array [
                  Object {
                    "boardPosition": Object {
                      "x": 0,
                      "y": 0,
                    },
                    "position": Object {
                      "x": 0,
                      "y": 0,
                    },
                    "value": 2,
                  },
                  Object {
                    "boardPosition": Object {
                      "x": 0,
                      "y": 0,
                    },
                    "position": Object {
                      "x": 0,
                      "y": 1,
                    },
                    "value": 1,
                  },
                  Object {
                    "boardPosition": Object {
                      "x": 0,
                      "y": 0,
                    },
                    "position": Object {
                      "x": 0,
                      "y": 2,
                    },
                    "value": 2,
                  },
                  Object {
                    "boardPosition": Object {
                      "x": 0,
                      "y": 0,
                    },
                    "position": Object {
                      "x": 1,
                      "y": 0,
                    },
                    "value": 1,
                  },
                  Object {
                    "boardPosition": Object {
                      "x": 0,
                      "y": 0,
                    },
                    "position": Object {
                      "x": 1,
                      "y": 1,
                    },
                    "value": 1,
                  },
                  Object {
                    "boardPosition": Object {
                      "x": 0,
                      "y": 0,
                    },
                    "position": Object {
                      "x": 1,
                      "y": 2,
                    },
                    "value": 2,
                  },
                  Object {
                    "boardPosition": Object {
                      "x": 0,
                      "y": 0,
                    },
                    "position": Object {
                      "x": 2,
                      "y": 0,
                    },
                    "value": 2,
                  },
                  Object {
                    "boardPosition": Object {
                      "x": 0,
                      "y": 0,
                    },
                    "position": Object {
                      "x": 2,
                      "y": 1,
                    },
                    "value": 1,
                  },
                  Object {
                    "boardPosition": Object {
                      "x": 0,
                      "y": 0,
                    },
                    "position": Object {
                      "x": 2,
                      "y": 2,
                    },
                    "value": 1,
                  },
                ],
                "value": 1,
              },
              Object {
                "position": Object {
                  "x": 0,
                  "y": 1,
                },
                "tiles": Array [
                  Object {
                    "boardPosition": Object {
                      "x": 0,
                      "y": 1,
                    },
                    "position": Object {
                      "x": 0,
                      "y": 0,
                    },
                    "value": 2,
                  },
                  Object {
                    "boardPosition": Object {
                      "x": 0,
                      "y": 1,
                    },
                    "position": Object {
                      "x": 0,
                      "y": 1,
                    },
                    "value": 2,
                  },
                  Object {
                    "boardPosition": Object {
                      "x": 0,
                      "y": 1,
                    },
                    "position": Object {
                      "x": 0,
                      "y": 2,
                    },
                    "value": 2,
                  },
                  Object {
                    "boardPosition": Object {
                      "x": 0,
                      "y": 1,
                    },
                    "position": Object {
                      "x": 1,
                      "y": 0,
                    },
                    "value": 1,
                  },
                  Object {
                    "boardPosition": Object {
                      "x": 0,
                      "y": 1,
                    },
                    "position": Object {
                      "x": 1,
                      "y": 1,
                    },
                    "value": 1,
                  },
                  Object {
                    "boardPosition": Object {
                      "x": 0,
                      "y": 1,
                    },
                    "position": Object {
                      "x": 1,
                      "y": 2,
                    },
                    "value": 1,
                  },
                  Object {
                    "boardPosition": Object {
                      "x": 0,
                      "y": 1,
                    },
                    "position": Object {
                      "x": 2,
                      "y": 0,
                    },
                    "value": 2,
                  },
                  Object {
                    "boardPosition": Object {
                      "x": 0,
                      "y": 1,
                    },
                    "position": Object {
                      "x": 2,
                      "y": 1,
                    },
                    "value": 2,
                  },
                  Object {
                    "boardPosition": Object {
                      "x": 0,
                      "y": 1,
                    },
                    "position": Object {
                      "x": 2,
                      "y": 2,
                    },
                    "value": 2,
                  },
                ],
                "value": 1,
              },
              Object {
                "position": Object {
                  "x": 0,
                  "y": 2,
                },
                "tiles": Array [
                  Object {
                    "boardPosition": Object {
                      "x": 0,
                      "y": 2,
                    },
                    "position": Object {
                      "x": 0,
                      "y": 0,
                    },
                    "value": 2,
                  },
                  Object {
                    "boardPosition": Object {
                      "x": 0,
                      "y": 2,
                    },
                    "position": Object {
                      "x": 0,
                      "y": 1,
                    },
                    "value": 2,
                  },
                  Object {
                    "boardPosition": Object {
                      "x": 0,
                      "y": 2,
                    },
                    "position": Object {
                      "x": 0,
                      "y": 2,
                    },
                    "value": 1,
                  },
                  Object {
                    "boardPosition": Object {
                      "x": 0,
                      "y": 2,
                    },
                    "position": Object {
                      "x": 1,
                      "y": 0,
                    },
                    "value": 2,
                  },
                  Object {
                    "boardPosition": Object {
                      "x": 0,
                      "y": 2,
                    },
                    "position": Object {
                      "x": 1,
                      "y": 1,
                    },
                    "value": 2,
                  },
                  Object {
                    "boardPosition": Object {
                      "x": 0,
                      "y": 2,
                    },
                    "position": Object {
                      "x": 1,
                      "y": 2,
                    },
                    "value": 1,
                  },
                  Object {
                    "boardPosition": Object {
                      "x": 0,
                      "y": 2,
                    },
                    "position": Object {
                      "x": 2,
                      "y": 0,
                    },
                    "value": 2,
                  },
                  Object {
                    "boardPosition": Object {
                      "x": 0,
                      "y": 2,
                    },
                    "position": Object {
                      "x": 2,
                      "y": 1,
                    },
                    "value": 2,
                  },
                  Object {
                    "boardPosition": Object {
                      "x": 0,
                      "y": 2,
                    },
                    "position": Object {
                      "x": 2,
                      "y": 2,
                    },
                    "value": 1,
                  },
                ],
                "value": 1,
              },
              Object {
                "position": Object {
                  "x": 1,
                  "y": 0,
                },
                "tiles": Array [
                  Object {
                    "boardPosition": Object {
                      "x": 1,
                      "y": 0,
                    },
                    "position": Object {
                      "x": 0,
                      "y": 0,
                    },
                    "value": 0,
                  },
                  Object {
                    "boardPosition": Object {
                      "x": 1,
                      "y": 0,
                    },
                    "position": Object {
                      "x": 0,
                      "y": 1,
                    },
                    "value": 0,
                  },
                  Object {
                    "boardPosition": Object {
                      "x": 1,
                      "y": 0,
                    },
                    "position": Object {
                      "x": 0,
                      "y": 2,
                    },
                    "value": 0,
                  },
                  Object {
                    "boardPosition": Object {
                      "x": 1,
                      "y": 0,
                    },
                    "position": Object {
                      "x": 1,
                      "y": 0,
                    },
                    "value": 2,
                  },
                  Object {
                    "boardPosition": Object {
                      "x": 1,
                      "y": 0,
                    },
                    "position": Object {
                      "x": 1,
                      "y": 1,
                    },
                    "value": 2,
                  },
                  Object {
                    "boardPosition": Object {
                      "x": 1,
                      "y": 0,
                    },
                    "position": Object {
                      "x": 1,
                      "y": 2,
                    },
                    "value": 2,
                  },
                  Object {
                    "boardPosition": Object {
                      "x": 1,
                      "y": 0,
                    },
                    "position": Object {
                      "x": 2,
                      "y": 0,
                    },
                    "value": 2,
                  },
                  Object {
                    "boardPosition": Object {
                      "x": 1,
                      "y": 0,
                    },
                    "position": Object {
                      "x": 2,
                      "y": 1,
                    },
                    "value": 2,
                  },
                  Object {
                    "boardPosition": Object {
                      "x": 1,
                      "y": 0,
                    },
                    "position": Object {
                      "x": 2,
                      "y": 2,
                    },
                    "value": 2,
                  },
                ],
                "value": 0,
              },
              Object {
                "position": Object {
                  "x": 1,
                  "y": 1,
                },
                "tiles": Array [
                  Object {
                    "boardPosition": Object {
                      "x": 1,
                      "y": 1,
                    },
                    "position": Object {
                      "x": 0,
                      "y": 0,
                    },
                    "value": 2,
                  },
                  Object {
                    "boardPosition": Object {
                      "x": 1,
                      "y": 1,
                    },
                    "position": Object {
                      "x": 0,
                      "y": 1,
                    },
                    "value": 0,
                  },
                  Object {
                    "boardPosition": Object {
                      "x": 1,
                      "y": 1,
                    },
                    "position": Object {
                      "x": 0,
                      "y": 2,
                    },
                    "value": 1,
                  },
                  Object {
                    "boardPosition": Object {
                      "x": 1,
                      "y": 1,
                    },
                    "position": Object {
                      "x": 1,
                      "y": 0,
                    },
                    "value": 2,
                  },
                  Object {
                    "boardPosition": Object {
                      "x": 1,
                      "y": 1,
                    },
                    "position": Object {
                      "x": 1,
                      "y": 1,
                    },
                    "value": 2,
                  },
                  Object {
                    "boardPosition": Object {
                      "x": 1,
                      "y": 1,
                    },
                    "position": Object {
                      "x": 1,
                      "y": 2,
                    },
                    "value": 1,
                  },
                  Object {
                    "boardPosition": Object {
                      "x": 1,
                      "y": 1,
                    },
                    "position": Object {
                      "x": 2,
                      "y": 0,
                    },
                    "value": 0,
                  },
                  Object {
                    "boardPosition": Object {
                      "x": 1,
                      "y": 1,
                    },
                    "position": Object {
                      "x": 2,
                      "y": 1,
                    },
                    "value": 2,
                  },
                  Object {
                    "boardPosition": Object {
                      "x": 1,
                      "y": 1,
                    },
                    "position": Object {
                      "x": 2,
                      "y": 2,
                    },
                    "value": 1,
                  },
                ],
                "value": 1,
              },
              Object {
                "position": Object {
                  "x": 1,
                  "y": 2,
                },
                "tiles": Array [
                  Object {
                    "boardPosition": Object {
                      "x": 1,
                      "y": 2,
                    },
                    "position": Object {
                      "x": 0,
                      "y": 0,
                    },
                    "value": 0,
                  },
                  Object {
                    "boardPosition": Object {
                      "x": 1,
                      "y": 2,
                    },
                    "position": Object {
                      "x": 0,
                      "y": 1,
                    },
                    "value": 2,
                  },
                  Object {
                    "boardPosition": Object {
                      "x": 1,
                      "y": 2,
                    },
                    "position": Object {
                      "x": 0,
                      "y": 2,
                    },
                    "value": 0,
                  },
                  Object {
                    "boardPosition": Object {
                      "x": 1,
                      "y": 2,
                    },
                    "position": Object {
                      "x": 1,
                      "y": 0,
                    },
                    "value": 2,
                  },
                  Object {
                    "boardPosition": Object {
                      "x": 1,
                      "y": 2,
                    },
                    "position": Object {
                      "x": 1,
                      "y": 1,
                    },
                    "value": 0,
                  },
                  Object {
                    "boardPosition": Object {
                      "x": 1,
                      "y": 2,
                    },
                    "position": Object {
                      "x": 1,
                      "y": 2,
                    },
                    "value": 2,
                  },
                  Object {
                    "boardPosition": Object {
                      "x": 1,
                      "y": 2,
                    },
                    "position": Object {
                      "x": 2,
                      "y": 0,
                    },
                    "value": 2,
                  },
                  Object {
                    "boardPosition": Object {
                      "x": 1,
                      "y": 2,
                    },
                    "position": Object {
                      "x": 2,
                      "y": 1,
                    },
                    "value": 2,
                  },
                  Object {
                    "boardPosition": Object {
                      "x": 1,
                      "y": 2,
                    },
                    "position": Object {
                      "x": 2,
                      "y": 2,
                    },
                    "value": 2,
                  },
                ],
                "value": 2,
              },
              Object {
                "position": Object {
                  "x": 2,
                  "y": 0,
                },
                "tiles": Array [
                  Object {
                    "boardPosition": Object {
                      "x": 2,
                      "y": 0,
                    },
                    "position": Object {
                      "x": 0,
                      "y": 0,
                    },
                    "value": 0,
                  },
                  Object {
                    "boardPosition": Object {
                      "x": 2,
                      "y": 0,
                    },
                    "position": Object {
                      "x": 0,
                      "y": 1,
                    },
                    "value": 2,
                  },
                  Object {
                    "boardPosition": Object {
                      "x": 2,
                      "y": 0,
                    },
                    "position": Object {
                      "x": 0,
                      "y": 2,
                    },
                    "value": 2,
                  },
                  Object {
                    "boardPosition": Object {
                      "x": 2,
                      "y": 0,
                    },
                    "position": Object {
                      "x": 1,
                      "y": 0,
                    },
                    "value": 2,
                  },
                  Object {
                    "boardPosition": Object {
                      "x": 2,
                      "y": 0,
                    },
                    "position": Object {
                      "x": 1,
                      "y": 1,
                    },
                    "value": 2,
                  },
                  Object {
                    "boardPosition": Object {
                      "x": 2,
                      "y": 0,
                    },
                    "position": Object {
                      "x": 1,
                      "y": 2,
                    },
                    "value": 2,
                  },
                  Object {
                    "boardPosition": Object {
                      "x": 2,
                      "y": 0,
                    },
                    "position": Object {
                      "x": 2,
                      "y": 0,
                    },
                    "value": 2,
                  },
                  Object {
                    "boardPosition": Object {
                      "x": 2,
                      "y": 0,
                    },
                    "position": Object {
                      "x": 2,
                      "y": 1,
                    },
                    "value": 1,
                  },
                  Object {
                    "boardPosition": Object {
                      "x": 2,
                      "y": 0,
                    },
                    "position": Object {
                      "x": 2,
                      "y": 2,
                    },
                    "value": 2,
                  },
                ],
                "value": 2,
              },
              Object {
                "position": Object {
                  "x": 2,
                  "y": 1,
                },
                "tiles": Array [
                  Object {
                    "boardPosition": Object {
                      "x": 2,
                      "y": 1,
                    },
                    "position": Object {
                      "x": 0,
                      "y": 0,
                    },
                    "value": 0,
                  },
                  Object {
                    "boardPosition": Object {
                      "x": 2,
                      "y": 1,
                    },
                    "position": Object {
                      "x": 0,
                      "y": 1,
                    },
                    "value": 0,
                  },
                  Object {
                    "boardPosition": Object {
                      "x": 2,
                      "y": 1,
                    },
                    "position": Object {
                      "x": 0,
                      "y": 2,
                    },
                    "value": 0,
                  },
                  Object {
                    "boardPosition": Object {
                      "x": 2,
                      "y": 1,
                    },
                    "position": Object {
                      "x": 1,
                      "y": 0,
                    },
                    "value": 2,
                  },
                  Object {
                    "boardPosition": Object {
                      "x": 2,
                      "y": 1,
                    },
                    "position": Object {
                      "x": 1,
                      "y": 1,
                    },
                    "value": 2,
                  },
                  Object {
                    "boardPosition": Object {
                      "x": 2,
                      "y": 1,
                    },
                    "position": Object {
                      "x": 1,
                      "y": 2,
                    },
                    "value": 2,
                  },
                  Object {
                    "boardPosition": Object {
                      "x": 2,
                      "y": 1,
                    },
                    "position": Object {
                      "x": 2,
                      "y": 0,
                    },
                    "value": 2,
                  },
                  Object {
                    "boardPosition": Object {
                      "x": 2,
                      "y": 1,
                    },
                    "position": Object {
                      "x": 2,
                      "y": 1,
                    },
                    "value": 2,
                  },
                  Object {
                    "boardPosition": Object {
                      "x": 2,
                      "y": 1,
                    },
                    "position": Object {
                      "x": 2,
                      "y": 2,
                    },
                    "value": 2,
                  },
                ],
                "value": 0,
              },
              Object {
                "position": Object {
                  "x": 2,
                  "y": 2,
                },
                "tiles": Array [
                  Object {
                    "boardPosition": Object {
                      "x": 2,
                      "y": 2,
                    },
                    "position": Object {
                      "x": 0,
                      "y": 0,
                    },
                    "value": 2,
                  },
                  Object {
                    "boardPosition": Object {
                      "x": 2,
                      "y": 2,
                    },
                    "position": Object {
                      "x": 0,
                      "y": 1,
                    },
                    "value": 0,
                  },
                  Object {
                    "boardPosition": Object {
                      "x": 2,
                      "y": 2,
                    },
                    "position": Object {
                      "x": 0,
                      "y": 2,
                    },
                    "value": 0,
                  },
                  Object {
                    "boardPosition": Object {
                      "x": 2,
                      "y": 2,
                    },
                    "position": Object {
                      "x": 1,
                      "y": 0,
                    },
                    "value": 2,
                  },
                  Object {
                    "boardPosition": Object {
                      "x": 2,
                      "y": 2,
                    },
                    "position": Object {
                      "x": 1,
                      "y": 1,
                    },
                    "value": 0,
                  },
                  Object {
                    "boardPosition": Object {
                      "x": 2,
                      "y": 2,
                    },
                    "position": Object {
                      "x": 1,
                      "y": 2,
                    },
                    "value": 2,
                  },
                  Object {
                    "boardPosition": Object {
                      "x": 2,
                      "y": 2,
                    },
                    "position": Object {
                      "x": 2,
                      "y": 0,
                    },
                    "value": 2,
                  },
                  Object {
                    "boardPosition": Object {
                      "x": 2,
                      "y": 2,
                    },
                    "position": Object {
                      "x": 2,
                      "y": 1,
                    },
                    "value": 2,
                  },
                  Object {
                    "boardPosition": Object {
                      "x": 2,
                      "y": 2,
                    },
                    "position": Object {
                      "x": 2,
                      "y": 2,
                    },
                    "value": 2,
                  },
                ],
                "value": 2,
              },
            ],
            "moves": Array [
              Object {
                "boardPosition": Object {
                  "x": 1,
                  "y": 0,
                },
                "moveNumber": 1,
                "player": 0,
                "tilePosition": Object {
                  "x": 1,
                  "y": 1,
                },
              },
            ],
            "winner": "O",
          },
          "saveOnline": true,
          "type": "save-game-data/save-game-data",
        },
        "channel": null,
      },
    },
  ],
  "select": Array [
    Object {
      "@@redux-saga/IO": true,
      "SELECT": Object {
        "args": Array [],
        "selector": "@@redux-saga-test-plan/json/function/getMoves",
      },
    },
    Object {
      "@@redux-saga/IO": true,
      "SELECT": Object {
        "args": Array [],
        "selector": "@@redux-saga-test-plan/json/function/<anonymous>",
      },
    },
  ],
  "take": Array [
    Object {
      "@@redux-saga/IO": true,
      "TAKE": Object {
        "pattern": "game/check-game-finished",
      },
    },
    Object {
      "@@redux-saga/IO": true,
      "TAKE": Object {
        "pattern": "game/check-game-finished",
      },
    },
  ],
}
`;
