// Jest Snapshot v1, https://goo.gl/fbAQLP

exports[`App should match snapshot 1`] = `
<BrowserRouter>
  <Switch>
    <Route
      component={
        Object {
          "$$typeof": Symbol(react.memo),
          "WrappedComponent": [Function],
          "compare": null,
          "displayName": "Connect(AnalysisGame)",
          "type": [Function],
        }
      }
      exact={true}
      path="/analysis/:id"
    />
    <Route
      component={
        Object {
          "$$typeof": Symbol(react.memo),
          "WrappedComponent": [Function],
          "compare": null,
          "displayName": "Connect(Game)",
          "type": [Function],
        }
      }
      path="/"
    />
  </Switch>
</BrowserRouter>
`;
