// Jest Snapshot v1, https://goo.gl/fbAQLP

exports[`activeBoardCalculationSaga should match snapshot 1`] = `
Object {
  "fork": Array [
    Object {
      "@@redux-saga/IO": true,
      "FORK": Object {
        "args": Array [
          "activeBoardReducer/calculate-allowed-boards",
          "@@redux-saga-test-plan/json/function/calculateActiveBoards",
        ],
        "context": null,
        "fn": "@@redux-saga-test-plan/json/function/takeEvery",
      },
    },
    Object {
      "@@redux-saga/IO": true,
      "FORK": Object {
        "args": Array [
          Object {
            "payload": Object {
              "x": 2,
              "y": 0,
            },
            "type": "activeBoardReducer/calculate-allowed-boards",
          },
        ],
        "context": null,
        "fn": "@@redux-saga-test-plan/json/function/<anonymous>",
      },
    },
  ],
  "select": Array [
    Object {
      "@@redux-saga/IO": true,
      "SELECT": Object {
        "args": Array [],
        "selector": "@@redux-saga-test-plan/json/function/<anonymous>",
      },
    },
  ],
  "take": Array [
    Object {
      "@@redux-saga/IO": true,
      "TAKE": Object {
        "pattern": "activeBoardReducer/calculate-allowed-boards",
      },
    },
    Object {
      "@@redux-saga/IO": true,
      "TAKE": Object {
        "pattern": "activeBoardReducer/calculate-allowed-boards",
      },
    },
  ],
}
`;
