// Jest Snapshot v1, https://goo.gl/fbAQLP

exports[`checkGameFinishedSaga should match snapshot 1`] = `
Object {
  "fork": Array [
    Object {
      "@@redux-saga/IO": true,
      "FORK": Object {
        "args": Array [
          "game/check-game-finished",
          "@@redux-saga-test-plan/json/function/checkIfGameFinished",
        ],
        "context": null,
        "fn": "@@redux-saga-test-plan/json/function/takeEvery",
      },
    },
    Object {
      "@@redux-saga/IO": true,
      "FORK": Object {
        "args": Array [
          Object {
            "type": "game/check-game-finished",
          },
        ],
        "context": null,
        "fn": "@@redux-saga-test-plan/json/function/<anonymous>",
      },
    },
  ],
  "put": Array [
    Object {
      "@@redux-saga/IO": true,
      "PUT": Object {
        "action": Object {
          "payload": 1,
          "type": "game/game-finished",
        },
        "channel": null,
      },
    },
    Object {
      "@@redux-saga/IO": true,
      "PUT": Object {
        "action": Object {
          "payload": Array [],
          "type": "activeBoardsReducer/set-allowed-boards",
        },
        "channel": null,
      },
    },
  ],
  "select": Array [
    Object {
      "@@redux-saga/IO": true,
      "SELECT": Object {
        "args": Array [],
        "selector": "@@redux-saga-test-plan/json/function/<anonymous>",
      },
    },
  ],
  "take": Array [
    Object {
      "@@redux-saga/IO": true,
      "TAKE": Object {
        "pattern": "game/check-game-finished",
      },
    },
    Object {
      "@@redux-saga/IO": true,
      "TAKE": Object {
        "pattern": "game/check-game-finished",
      },
    },
  ],
}
`;
