// Jest Snapshot v1, https://goo.gl/fbAQLP

exports[`BigBoard should match snapshot 1`] = `
<div
  className="bigBoard"
>
  <SmallBoard
    currentPlayer={0}
    key="x: 0/ Y: 0"
    moveAllowed={true}
    onTileClicked={[Function]}
    tiles={
      Array [
        Object {
          "boardPosition": Object {
            "x": 0,
            "y": 0,
          },
          "position": Object {
            "x": 0,
            "y": 0,
          },
          "value": 2,
        },
        Object {
          "boardPosition": Object {
            "x": 0,
            "y": 0,
          },
          "position": Object {
            "x": 0,
            "y": 1,
          },
          "value": 2,
        },
        Object {
          "boardPosition": Object {
            "x": 0,
            "y": 0,
          },
          "position": Object {
            "x": 0,
            "y": 2,
          },
          "value": 2,
        },
        Object {
          "boardPosition": Object {
            "x": 0,
            "y": 0,
          },
          "position": Object {
            "x": 1,
            "y": 0,
          },
          "value": 0,
        },
        Object {
          "boardPosition": Object {
            "x": 0,
            "y": 0,
          },
          "position": Object {
            "x": 1,
            "y": 1,
          },
          "value": 0,
        },
        Object {
          "boardPosition": Object {
            "x": 0,
            "y": 0,
          },
          "position": Object {
            "x": 1,
            "y": 2,
          },
          "value": 0,
        },
        Object {
          "boardPosition": Object {
            "x": 0,
            "y": 0,
          },
          "position": Object {
            "x": 2,
            "y": 0,
          },
          "value": 2,
        },
        Object {
          "boardPosition": Object {
            "x": 0,
            "y": 0,
          },
          "position": Object {
            "x": 2,
            "y": 1,
          },
          "value": 2,
        },
        Object {
          "boardPosition": Object {
            "x": 0,
            "y": 0,
          },
          "position": Object {
            "x": 2,
            "y": 2,
          },
          "value": 2,
        },
      ]
    }
    winningPlayer={0}
    x={0}
    y={0}
  />
  <SmallBoard
    currentPlayer={0}
    key="x: 0/ Y: 1"
    moveAllowed={false}
    onTileClicked={[Function]}
    tiles={
      Array [
        Object {
          "boardPosition": Object {
            "x": 0,
            "y": 1,
          },
          "position": Object {
            "x": 0,
            "y": 0,
          },
          "value": 2,
        },
        Object {
          "boardPosition": Object {
            "x": 0,
            "y": 1,
          },
          "position": Object {
            "x": 0,
            "y": 1,
          },
          "value": 2,
        },
        Object {
          "boardPosition": Object {
            "x": 0,
            "y": 1,
          },
          "position": Object {
            "x": 0,
            "y": 2,
          },
          "value": 2,
        },
        Object {
          "boardPosition": Object {
            "x": 0,
            "y": 1,
          },
          "position": Object {
            "x": 1,
            "y": 0,
          },
          "value": 0,
        },
        Object {
          "boardPosition": Object {
            "x": 0,
            "y": 1,
          },
          "position": Object {
            "x": 1,
            "y": 1,
          },
          "value": 0,
        },
        Object {
          "boardPosition": Object {
            "x": 0,
            "y": 1,
          },
          "position": Object {
            "x": 1,
            "y": 2,
          },
          "value": 0,
        },
        Object {
          "boardPosition": Object {
            "x": 0,
            "y": 1,
          },
          "position": Object {
            "x": 2,
            "y": 0,
          },
          "value": 2,
        },
        Object {
          "boardPosition": Object {
            "x": 0,
            "y": 1,
          },
          "position": Object {
            "x": 2,
            "y": 1,
          },
          "value": 2,
        },
        Object {
          "boardPosition": Object {
            "x": 0,
            "y": 1,
          },
          "position": Object {
            "x": 2,
            "y": 2,
          },
          "value": 2,
        },
      ]
    }
    winningPlayer={0}
    x={0}
    y={1}
  />
  <SmallBoard
    currentPlayer={0}
    key="x: 0/ Y: 2"
    moveAllowed={false}
    onTileClicked={[Function]}
    tiles={
      Array [
        Object {
          "boardPosition": Object {
            "x": 0,
            "y": 2,
          },
          "position": Object {
            "x": 0,
            "y": 0,
          },
          "value": 2,
        },
        Object {
          "boardPosition": Object {
            "x": 0,
            "y": 2,
          },
          "position": Object {
            "x": 0,
            "y": 1,
          },
          "value": 2,
        },
        Object {
          "boardPosition": Object {
            "x": 0,
            "y": 2,
          },
          "position": Object {
            "x": 0,
            "y": 2,
          },
          "value": 1,
        },
        Object {
          "boardPosition": Object {
            "x": 0,
            "y": 2,
          },
          "position": Object {
            "x": 1,
            "y": 0,
          },
          "value": 2,
        },
        Object {
          "boardPosition": Object {
            "x": 0,
            "y": 2,
          },
          "position": Object {
            "x": 1,
            "y": 1,
          },
          "value": 0,
        },
        Object {
          "boardPosition": Object {
            "x": 0,
            "y": 2,
          },
          "position": Object {
            "x": 1,
            "y": 2,
          },
          "value": 2,
        },
        Object {
          "boardPosition": Object {
            "x": 0,
            "y": 2,
          },
          "position": Object {
            "x": 2,
            "y": 0,
          },
          "value": 2,
        },
        Object {
          "boardPosition": Object {
            "x": 0,
            "y": 2,
          },
          "position": Object {
            "x": 2,
            "y": 1,
          },
          "value": 2,
        },
        Object {
          "boardPosition": Object {
            "x": 0,
            "y": 2,
          },
          "position": Object {
            "x": 2,
            "y": 2,
          },
          "value": 2,
        },
      ]
    }
    winningPlayer={2}
    x={0}
    y={2}
  />
  <SmallBoard
    currentPlayer={0}
    key="x: 1/ Y: 0"
    moveAllowed={false}
    onTileClicked={[Function]}
    tiles={
      Array [
        Object {
          "boardPosition": Object {
            "x": 1,
            "y": 0,
          },
          "position": Object {
            "x": 0,
            "y": 0,
          },
          "value": 0,
        },
        Object {
          "boardPosition": Object {
            "x": 1,
            "y": 0,
          },
          "position": Object {
            "x": 0,
            "y": 1,
          },
          "value": 1,
        },
        Object {
          "boardPosition": Object {
            "x": 1,
            "y": 0,
          },
          "position": Object {
            "x": 0,
            "y": 2,
          },
          "value": 2,
        },
        Object {
          "boardPosition": Object {
            "x": 1,
            "y": 0,
          },
          "position": Object {
            "x": 1,
            "y": 0,
          },
          "value": 2,
        },
        Object {
          "boardPosition": Object {
            "x": 1,
            "y": 0,
          },
          "position": Object {
            "x": 1,
            "y": 1,
          },
          "value": 1,
        },
        Object {
          "boardPosition": Object {
            "x": 1,
            "y": 0,
          },
          "position": Object {
            "x": 1,
            "y": 2,
          },
          "value": 0,
        },
        Object {
          "boardPosition": Object {
            "x": 1,
            "y": 0,
          },
          "position": Object {
            "x": 2,
            "y": 0,
          },
          "value": 2,
        },
        Object {
          "boardPosition": Object {
            "x": 1,
            "y": 0,
          },
          "position": Object {
            "x": 2,
            "y": 1,
          },
          "value": 0,
        },
        Object {
          "boardPosition": Object {
            "x": 1,
            "y": 0,
          },
          "position": Object {
            "x": 2,
            "y": 2,
          },
          "value": 2,
        },
      ]
    }
    winningPlayer={2}
    x={1}
    y={0}
  />
  <SmallBoard
    currentPlayer={0}
    key="x: 1/ Y: 1"
    moveAllowed={false}
    onTileClicked={[Function]}
    tiles={
      Array [
        Object {
          "boardPosition": Object {
            "x": 1,
            "y": 1,
          },
          "position": Object {
            "x": 0,
            "y": 0,
          },
          "value": 1,
        },
        Object {
          "boardPosition": Object {
            "x": 1,
            "y": 1,
          },
          "position": Object {
            "x": 0,
            "y": 1,
          },
          "value": 1,
        },
        Object {
          "boardPosition": Object {
            "x": 1,
            "y": 1,
          },
          "position": Object {
            "x": 0,
            "y": 2,
          },
          "value": 0,
        },
        Object {
          "boardPosition": Object {
            "x": 1,
            "y": 1,
          },
          "position": Object {
            "x": 1,
            "y": 0,
          },
          "value": 1,
        },
        Object {
          "boardPosition": Object {
            "x": 1,
            "y": 1,
          },
          "position": Object {
            "x": 1,
            "y": 1,
          },
          "value": 2,
        },
        Object {
          "boardPosition": Object {
            "x": 1,
            "y": 1,
          },
          "position": Object {
            "x": 1,
            "y": 2,
          },
          "value": 2,
        },
        Object {
          "boardPosition": Object {
            "x": 1,
            "y": 1,
          },
          "position": Object {
            "x": 2,
            "y": 0,
          },
          "value": 1,
        },
        Object {
          "boardPosition": Object {
            "x": 1,
            "y": 1,
          },
          "position": Object {
            "x": 2,
            "y": 1,
          },
          "value": 2,
        },
        Object {
          "boardPosition": Object {
            "x": 1,
            "y": 1,
          },
          "position": Object {
            "x": 2,
            "y": 2,
          },
          "value": 2,
        },
      ]
    }
    winningPlayer={1}
    x={1}
    y={1}
  />
  <SmallBoard
    currentPlayer={0}
    key="x: 1/ Y: 2"
    moveAllowed={false}
    onTileClicked={[Function]}
    tiles={
      Array [
        Object {
          "boardPosition": Object {
            "x": 1,
            "y": 2,
          },
          "position": Object {
            "x": 0,
            "y": 0,
          },
          "value": 1,
        },
        Object {
          "boardPosition": Object {
            "x": 1,
            "y": 2,
          },
          "position": Object {
            "x": 0,
            "y": 1,
          },
          "value": 1,
        },
        Object {
          "boardPosition": Object {
            "x": 1,
            "y": 2,
          },
          "position": Object {
            "x": 0,
            "y": 2,
          },
          "value": 2,
        },
        Object {
          "boardPosition": Object {
            "x": 1,
            "y": 2,
          },
          "position": Object {
            "x": 1,
            "y": 0,
          },
          "value": 2,
        },
        Object {
          "boardPosition": Object {
            "x": 1,
            "y": 2,
          },
          "position": Object {
            "x": 1,
            "y": 1,
          },
          "value": 1,
        },
        Object {
          "boardPosition": Object {
            "x": 1,
            "y": 2,
          },
          "position": Object {
            "x": 1,
            "y": 2,
          },
          "value": 2,
        },
        Object {
          "boardPosition": Object {
            "x": 1,
            "y": 2,
          },
          "position": Object {
            "x": 2,
            "y": 0,
          },
          "value": 2,
        },
        Object {
          "boardPosition": Object {
            "x": 1,
            "y": 2,
          },
          "position": Object {
            "x": 2,
            "y": 1,
          },
          "value": 0,
        },
        Object {
          "boardPosition": Object {
            "x": 1,
            "y": 2,
          },
          "position": Object {
            "x": 2,
            "y": 2,
          },
          "value": 2,
        },
      ]
    }
    winningPlayer={2}
    x={1}
    y={2}
  />
  <SmallBoard
    currentPlayer={0}
    key="x: 2/ Y: 0"
    moveAllowed={false}
    onTileClicked={[Function]}
    tiles={
      Array [
        Object {
          "boardPosition": Object {
            "x": 2,
            "y": 0,
          },
          "position": Object {
            "x": 0,
            "y": 0,
          },
          "value": 2,
        },
        Object {
          "boardPosition": Object {
            "x": 2,
            "y": 0,
          },
          "position": Object {
            "x": 0,
            "y": 1,
          },
          "value": 2,
        },
        Object {
          "boardPosition": Object {
            "x": 2,
            "y": 0,
          },
          "position": Object {
            "x": 0,
            "y": 2,
          },
          "value": 2,
        },
        Object {
          "boardPosition": Object {
            "x": 2,
            "y": 0,
          },
          "position": Object {
            "x": 1,
            "y": 0,
          },
          "value": 2,
        },
        Object {
          "boardPosition": Object {
            "x": 2,
            "y": 0,
          },
          "position": Object {
            "x": 1,
            "y": 1,
          },
          "value": 2,
        },
        Object {
          "boardPosition": Object {
            "x": 2,
            "y": 0,
          },
          "position": Object {
            "x": 1,
            "y": 2,
          },
          "value": 2,
        },
        Object {
          "boardPosition": Object {
            "x": 2,
            "y": 0,
          },
          "position": Object {
            "x": 2,
            "y": 0,
          },
          "value": 2,
        },
        Object {
          "boardPosition": Object {
            "x": 2,
            "y": 0,
          },
          "position": Object {
            "x": 2,
            "y": 1,
          },
          "value": 0,
        },
        Object {
          "boardPosition": Object {
            "x": 2,
            "y": 0,
          },
          "position": Object {
            "x": 2,
            "y": 2,
          },
          "value": 2,
        },
      ]
    }
    winningPlayer={2}
    x={2}
    y={0}
  />
  <SmallBoard
    currentPlayer={0}
    key="x: 2/ Y: 1"
    moveAllowed={false}
    onTileClicked={[Function]}
    tiles={
      Array [
        Object {
          "boardPosition": Object {
            "x": 2,
            "y": 1,
          },
          "position": Object {
            "x": 0,
            "y": 0,
          },
          "value": 2,
        },
        Object {
          "boardPosition": Object {
            "x": 2,
            "y": 1,
          },
          "position": Object {
            "x": 0,
            "y": 1,
          },
          "value": 2,
        },
        Object {
          "boardPosition": Object {
            "x": 2,
            "y": 1,
          },
          "position": Object {
            "x": 0,
            "y": 2,
          },
          "value": 2,
        },
        Object {
          "boardPosition": Object {
            "x": 2,
            "y": 1,
          },
          "position": Object {
            "x": 1,
            "y": 0,
          },
          "value": 1,
        },
        Object {
          "boardPosition": Object {
            "x": 2,
            "y": 1,
          },
          "position": Object {
            "x": 1,
            "y": 1,
          },
          "value": 1,
        },
        Object {
          "boardPosition": Object {
            "x": 2,
            "y": 1,
          },
          "position": Object {
            "x": 1,
            "y": 2,
          },
          "value": 1,
        },
        Object {
          "boardPosition": Object {
            "x": 2,
            "y": 1,
          },
          "position": Object {
            "x": 2,
            "y": 0,
          },
          "value": 2,
        },
        Object {
          "boardPosition": Object {
            "x": 2,
            "y": 1,
          },
          "position": Object {
            "x": 2,
            "y": 1,
          },
          "value": 2,
        },
        Object {
          "boardPosition": Object {
            "x": 2,
            "y": 1,
          },
          "position": Object {
            "x": 2,
            "y": 2,
          },
          "value": 2,
        },
      ]
    }
    winningPlayer={1}
    x={2}
    y={1}
  />
  <SmallBoard
    currentPlayer={0}
    key="x: 2/ Y: 2"
    moveAllowed={false}
    onTileClicked={[Function]}
    tiles={
      Array [
        Object {
          "boardPosition": Object {
            "x": 2,
            "y": 2,
          },
          "position": Object {
            "x": 0,
            "y": 0,
          },
          "value": 2,
        },
        Object {
          "boardPosition": Object {
            "x": 2,
            "y": 2,
          },
          "position": Object {
            "x": 0,
            "y": 1,
          },
          "value": 2,
        },
        Object {
          "boardPosition": Object {
            "x": 2,
            "y": 2,
          },
          "position": Object {
            "x": 0,
            "y": 2,
          },
          "value": 2,
        },
        Object {
          "boardPosition": Object {
            "x": 2,
            "y": 2,
          },
          "position": Object {
            "x": 1,
            "y": 0,
          },
          "value": 2,
        },
        Object {
          "boardPosition": Object {
            "x": 2,
            "y": 2,
          },
          "position": Object {
            "x": 1,
            "y": 1,
          },
          "value": 2,
        },
        Object {
          "boardPosition": Object {
            "x": 2,
            "y": 2,
          },
          "position": Object {
            "x": 1,
            "y": 2,
          },
          "value": 2,
        },
        Object {
          "boardPosition": Object {
            "x": 2,
            "y": 2,
          },
          "position": Object {
            "x": 2,
            "y": 0,
          },
          "value": 2,
        },
        Object {
          "boardPosition": Object {
            "x": 2,
            "y": 2,
          },
          "position": Object {
            "x": 2,
            "y": 1,
          },
          "value": 0,
        },
        Object {
          "boardPosition": Object {
            "x": 2,
            "y": 2,
          },
          "position": Object {
            "x": 2,
            "y": 2,
          },
          "value": 2,
        },
      ]
    }
    winningPlayer={2}
    x={2}
    y={2}
  />
</div>
`;
